---
source: crates/taskfleet/tests/envelope_snapshots.rs
expression: value
---
taskfleet 0.7.1
commit:                  [COMMIT]
envelope schema:         1
supported envelopes:     1
config schemas:          2
help schemas:            3
skill schemas:           1
state schema version:    1
supported state schemas: 1
