---
source: crates/taskfleet/tests/envelope_snapshots.rs
expression: value
---
{
  "data": {
    "install": {
      "accepted_values": [
        "claude",
        "pi",
        "codex",
        "all"
      ],
      "default": "all",
      "dry_run_flag": "--dry-run",
      "force_flag": "--force",
      "interactive": false,
      "layouts": [
        {
          "agent": "claude",
          "form": "agent-skill-tree",
          "path": ".claude/skills/<name>/..."
        },
        {
          "agent": "pi",
          "form": "agent-skill-tree",
          "path": ".pi/agent/skills/<name>/..."
        },
        {
          "agent": "codex",
          "form": "self-contained-prompt",
          "path": ".codex/prompts/<name>.md"
        }
      ],
      "no_clobber_default": true,
      "overwrite_requires_force": true,
      "selection_flag": "--agent",
      "target_flag": "--target"
    },
    "skills": [
      {
        "cli_version": "0.10.0",
        "description": "First read for any agent that has just discovered the `taskfleet` binary mid-conversation. Teaches the overall shape of the tool — runs, supervisors, nodes, discussions, spinoffs — and the canonical create→supervise→collect-reports cycle. Use when asked \"what is taskfleet\", when the binary appears in a session for the first time, or before issuing the first non-trivial command.",
        "name": "taskfleet-overview",
        "skill_schema_version": 1
      },
      {
        "cli_version": "0.10.0",
        "description": "Read the output of `taskfleet run list` and `taskfleet run show` to inspect the state of orchestrated agent workflows (worktrees, fan-outs, spinoffs). Use when asked about run status, when triaging an in-flight orchestration, or before deciding whether to spawn, resume, or abort work.",
        "name": "taskfleet-run-overview",
        "skill_schema_version": 1
      },
      {
        "cli_version": "0.10.0",
        "description": "Spawn an autonomous spinoff worktree via taskfleet — a single fire-and-forget agent that takes a focused task, executes it in its own git worktree, and merges itself back. Use when the user wants a parallel sub-task handled without interactive review.",
        "name": "taskfleet-spawn-spinoff",
        "skill_schema_version": 1
      },
      {
        "cli_version": "0.10.0",
        "description": "Spawn an autonomous spinoff worktree agent via `taskfleet run create --kind spinoff` — one fire-and-forget agent that takes a focused task, executes it in its own git worktree, and merges itself back to the source branch. Use when the user says `/worktree-spinoff <task>`, when a parallel sub-task can be handled without interactive review, or when a driver (`/fan-out`) needs to spawn one autonomous unit. NOT for hands-on interactive review (add `--interactive` to `run create` so the supervisor waits for an explicit `run merge`/`run cancel`), N identical units (`/fan-out`), or dependency-ordered features (stint waves).",
        "name": "worktree-spinoff",
        "skill_schema_version": 1
      },
      {
        "cli_version": "0.10.0",
        "description": "Merge a completed taskfleet worktree branch back to its source/parent branch and tear the worktree down — branch rebased + merged, terminal `node report` submitted, and the tmux window + worktree + branch removed by the supervisor, all in ONE `taskfleet run merge` call. Use when an autonomous worktree (spinoff, research, technical-decision, or a fan-out unit) reaches its merge-and-report step. Replaces the old two-step `/worktree-merge` + `taskfleet node report` sequence. For a feature branch and main that have both diverged so far an ordinary rebase fails, recover with `/complex-rebase` then re-run.",
        "name": "worktree-merge",
        "skill_schema_version": 1
      },
      {
        "cli_version": "0.10.0",
        "description": "Spawn an autonomous research worktree via `taskfleet run create --kind research` — multi-source background investigation that reads sources, gathers divergent perspectives, and writes a sourced markdown report committed to the repo, then merges itself back. Use when the user asks to research, investigate, survey, look into, or compare options for a topic that needs reading multiple sources and synthesizing into a sourced markdown report. Do NOT use for quick factual lookups (one `WebSearch`), single-doc summaries, debugging, code changes, or forward decisions (`/worktree-technical-decision`).",
        "name": "worktree-research",
        "skill_schema_version": 1
      },
      {
        "cli_version": "0.10.0",
        "description": "Spawn an autonomous worktree via `taskfleet run create --kind technical-decision` to drive ONE architectural / technical decision to a recorded ADR and self-merge. Use when the user says \"decide whether we should use X or Y\", \"make the architectural call on Z\", \"settle the trade-off between A and B\", or links an issue tagged decision/architecture. Do NOT use for opinions (`/llm-consult`), design ideation (`/llm-workshop`), plan review (`/llm-panel`), survey/research (`/worktree-research`), or archaeology (\"why did we choose X\" — historical, not a forward decision).",
        "name": "worktree-technical-decision",
        "skill_schema_version": 1
      },
      {
        "cli_version": "0.10.0",
        "description": "Spawn an autonomous READ-ONLY spinoff that analyses ONE existing bug and writes findings back into its issue: reproduce/explain, locate the code path with Read/Grep, classify, estimate severity, and sketch fix scope. It self-merges only the issue update and never changes application code. Use before a fix/defer/not-a-bug decision. Fix with issue-driven `/worktree-spinoff`; use `/worktree-research` for open-ended multi-source research.",
        "name": "worktree-bug-analysis",
        "skill_schema_version": 1
      },
      {
        "cli_version": "0.10.0",
        "description": "Router for the `/worktree-*` family. Classifies a free-form request into the right variant (`/worktree-spinoff`, `/worktree-research`, `/worktree-technical-decision`, `/fan-out`) and delegates. Use when the user invokes `/worktree <free-form task>`, `/worktree <issue-slug>`, or `/worktree --flag ... <task>`, or says \"spawn a worktree for X\", \"start a worktree to do Y\", \"do this in a worktree\" without naming a specific variant. Does NOT create worktrees itself; does NOT route to `/worktree-merge` or `/complex-rebase` (those operate on existing worktrees — the user invokes them directly).",
        "name": "worktree",
        "skill_schema_version": 1
      },
      {
        "cli_version": "0.10.0",
        "description": "Summarize the current state of an active worktree session in plain product language, for a non-technical decision-maker (product owner, manager, stakeholder) who was not in the room. Use when asked to give a status update on a worktree, summarize where the worktree stands, brief the PO on what's happened so far, or run bare `/worktree-status`. Reads ONLY the current conversation context — does not run git, read files, or modify anything. NOT for PR descriptions, developer-to-developer context handoff (use `/wrap-up`), commit summaries, or daily-activity logs.",
        "name": "worktree-status",
        "skill_schema_version": 1
      },
      {
        "cli_version": "0.10.0",
        "description": "Run one bounded round of a work-session (työrupeama, 'stint') as the ORCHESTRATOR the user talks to: orient → plan → spawn worktrees → deploy when permitted → give a product-owner report and one exact next action. It may absorb one user-feedback follow-up, then stops for explicit `/stint-handoff`. Use for 'aloitetaan rupeama', 'jatketaan @TODO.md', 'start a work session', 'let's do a round', or bare `/stint-start`. Maximally autonomous and generic: reads repository policy, TODO narrative, issuectl DAG, and session-owned run IDs. NOT a worktree, one-off coding task, durable stint/checkpoint, background loop, or terminal handoff.",
        "name": "stint-start",
        "skill_schema_version": 1
      },
      {
        "cli_version": "0.10.0",
        "description": "Explicitly finish a work-session (työrupeama, 'stint'): record current-turn answers, check only runs this session launched or adopted, update TODO.md, verify the issuectl DAG with foreign-run reservations, then `/wrap-up` and any declared reset. Run on the user's explicit go, either directly or after `/stint-start` names it as the next action. Generic and reconstructable from existing facts; adds no durable stint state. NOT the round engine, a global-run drain, bare `/wrap-up`, or a worktree.",
        "name": "stint-handoff",
        "skill_schema_version": 1
      },
      {
        "cli_version": "0.10.0",
        "description": "Fan out N≥5 similar, fully independent units as parallel autonomous worktrees via one top-level `--kind fan-out` run plus one parent-pointed child per unit. Each child commits one disjoint output and self-merges. Manages enumeration, concurrency (default 10), manifest state, and resume. Requires a clean git source branch. NOT for generic parallel commands, dependencies, shared-file edits, or per-unit human review; use issuectl-scheduled `/stint-start` waves instead.",
        "name": "fan-out",
        "skill_schema_version": 1
      }
    ],
    "supported_agents": [
      "claude",
      "pi",
      "codex"
    ]
  },
  "install": {
    "accepted_values": [
      "claude",
      "pi",
      "codex",
      "all"
    ],
    "default": "all",
    "dry_run_flag": "--dry-run",
    "force_flag": "--force",
    "interactive": false,
    "layouts": [
      {
        "agent": "claude",
        "form": "agent-skill-tree",
        "path": ".claude/skills/<name>/..."
      },
      {
        "agent": "pi",
        "form": "agent-skill-tree",
        "path": ".pi/agent/skills/<name>/..."
      },
      {
        "agent": "codex",
        "form": "self-contained-prompt",
        "path": ".codex/prompts/<name>.md"
      }
    ],
    "no_clobber_default": true,
    "overwrite_requires_force": true,
    "selection_flag": "--agent",
    "target_flag": "--target"
  },
  "schema_version": 1,
  "skills": [
    {
      "cli_version": "0.10.0",
      "description": "First read for any agent that has just discovered the `taskfleet` binary mid-conversation. Teaches the overall shape of the tool — runs, supervisors, nodes, discussions, spinoffs — and the canonical create→supervise→collect-reports cycle. Use when asked \"what is taskfleet\", when the binary appears in a session for the first time, or before issuing the first non-trivial command.",
      "name": "taskfleet-overview",
      "skill_schema_version": 1
    },
    {
      "cli_version": "0.10.0",
      "description": "Read the output of `taskfleet run list` and `taskfleet run show` to inspect the state of orchestrated agent workflows (worktrees, fan-outs, spinoffs). Use when asked about run status, when triaging an in-flight orchestration, or before deciding whether to spawn, resume, or abort work.",
      "name": "taskfleet-run-overview",
      "skill_schema_version": 1
    },
    {
      "cli_version": "0.10.0",
      "description": "Spawn an autonomous spinoff worktree via taskfleet — a single fire-and-forget agent that takes a focused task, executes it in its own git worktree, and merges itself back. Use when the user wants a parallel sub-task handled without interactive review.",
      "name": "taskfleet-spawn-spinoff",
      "skill_schema_version": 1
    },
    {
      "cli_version": "0.10.0",
      "description": "Spawn an autonomous spinoff worktree agent via `taskfleet run create --kind spinoff` — one fire-and-forget agent that takes a focused task, executes it in its own git worktree, and merges itself back to the source branch. Use when the user says `/worktree-spinoff <task>`, when a parallel sub-task can be handled without interactive review, or when a driver (`/fan-out`) needs to spawn one autonomous unit. NOT for hands-on interactive review (add `--interactive` to `run create` so the supervisor waits for an explicit `run merge`/`run cancel`), N identical units (`/fan-out`), or dependency-ordered features (stint waves).",
      "name": "worktree-spinoff",
      "skill_schema_version": 1
    },
    {
      "cli_version": "0.10.0",
      "description": "Merge a completed taskfleet worktree branch back to its source/parent branch and tear the worktree down — branch rebased + merged, terminal `node report` submitted, and the tmux window + worktree + branch removed by the supervisor, all in ONE `taskfleet run merge` call. Use when an autonomous worktree (spinoff, research, technical-decision, or a fan-out unit) reaches its merge-and-report step. Replaces the old two-step `/worktree-merge` + `taskfleet node report` sequence. For a feature branch and main that have both diverged so far an ordinary rebase fails, recover with `/complex-rebase` then re-run.",
      "name": "worktree-merge",
      "skill_schema_version": 1
    },
    {
      "cli_version": "0.10.0",
      "description": "Spawn an autonomous research worktree via `taskfleet run create --kind research` — multi-source background investigation that reads sources, gathers divergent perspectives, and writes a sourced markdown report committed to the repo, then merges itself back. Use when the user asks to research, investigate, survey, look into, or compare options for a topic that needs reading multiple sources and synthesizing into a sourced markdown report. Do NOT use for quick factual lookups (one `WebSearch`), single-doc summaries, debugging, code changes, or forward decisions (`/worktree-technical-decision`).",
      "name": "worktree-research",
      "skill_schema_version": 1
    },
    {
      "cli_version": "0.10.0",
      "description": "Spawn an autonomous worktree via `taskfleet run create --kind technical-decision` to drive ONE architectural / technical decision to a recorded ADR and self-merge. Use when the user says \"decide whether we should use X or Y\", \"make the architectural call on Z\", \"settle the trade-off between A and B\", or links an issue tagged decision/architecture. Do NOT use for opinions (`/llm-consult`), design ideation (`/llm-workshop`), plan review (`/llm-panel`), survey/research (`/worktree-research`), or archaeology (\"why did we choose X\" — historical, not a forward decision).",
      "name": "worktree-technical-decision",
      "skill_schema_version": 1
    },
    {
      "cli_version": "0.10.0",
      "description": "Spawn an autonomous READ-ONLY spinoff that analyses ONE existing bug and writes findings back into its issue: reproduce/explain, locate the code path with Read/Grep, classify, estimate severity, and sketch fix scope. It self-merges only the issue update and never changes application code. Use before a fix/defer/not-a-bug decision. Fix with issue-driven `/worktree-spinoff`; use `/worktree-research` for open-ended multi-source research.",
      "name": "worktree-bug-analysis",
      "skill_schema_version": 1
    },
    {
      "cli_version": "0.10.0",
      "description": "Router for the `/worktree-*` family. Classifies a free-form request into the right variant (`/worktree-spinoff`, `/worktree-research`, `/worktree-technical-decision`, `/fan-out`) and delegates. Use when the user invokes `/worktree <free-form task>`, `/worktree <issue-slug>`, or `/worktree --flag ... <task>`, or says \"spawn a worktree for X\", \"start a worktree to do Y\", \"do this in a worktree\" without naming a specific variant. Does NOT create worktrees itself; does NOT route to `/worktree-merge` or `/complex-rebase` (those operate on existing worktrees — the user invokes them directly).",
      "name": "worktree",
      "skill_schema_version": 1
    },
    {
      "cli_version": "0.10.0",
      "description": "Summarize the current state of an active worktree session in plain product language, for a non-technical decision-maker (product owner, manager, stakeholder) who was not in the room. Use when asked to give a status update on a worktree, summarize where the worktree stands, brief the PO on what's happened so far, or run bare `/worktree-status`. Reads ONLY the current conversation context — does not run git, read files, or modify anything. NOT for PR descriptions, developer-to-developer context handoff (use `/wrap-up`), commit summaries, or daily-activity logs.",
      "name": "worktree-status",
      "skill_schema_version": 1
    },
    {
      "cli_version": "0.10.0",
      "description": "Run one bounded round of a work-session (työrupeama, 'stint') as the ORCHESTRATOR the user talks to: orient → plan → spawn worktrees → deploy when permitted → give a product-owner report and one exact next action. It may absorb one user-feedback follow-up, then stops for explicit `/stint-handoff`. Use for 'aloitetaan rupeama', 'jatketaan @TODO.md', 'start a work session', 'let's do a round', or bare `/stint-start`. Maximally autonomous and generic: reads repository policy, TODO narrative, issuectl DAG, and session-owned run IDs. NOT a worktree, one-off coding task, durable stint/checkpoint, background loop, or terminal handoff.",
      "name": "stint-start",
      "skill_schema_version": 1
    },
    {
      "cli_version": "0.10.0",
      "description": "Explicitly finish a work-session (työrupeama, 'stint'): record current-turn answers, check only runs this session launched or adopted, update TODO.md, verify the issuectl DAG with foreign-run reservations, then `/wrap-up` and any declared reset. Run on the user's explicit go, either directly or after `/stint-start` names it as the next action. Generic and reconstructable from existing facts; adds no durable stint state. NOT the round engine, a global-run drain, bare `/wrap-up`, or a worktree.",
      "name": "stint-handoff",
      "skill_schema_version": 1
    },
    {
      "cli_version": "0.10.0",
      "description": "Fan out N≥5 similar, fully independent units as parallel autonomous worktrees via one top-level `--kind fan-out` run plus one parent-pointed child per unit. Each child commits one disjoint output and self-merges. Manages enumeration, concurrency (default 10), manifest state, and resume. Requires a clean git source branch. NOT for generic parallel commands, dependencies, shared-file edits, or per-unit human review; use issuectl-scheduled `/stint-start` waves instead.",
      "name": "fan-out",
      "skill_schema_version": 1
    }
  ],
  "supported_agents": [
    "claude",
    "pi",
    "codex"
  ],
  "warnings": []
}
