---
source: crates/taskfleet/tests/envelope_snapshots.rs
assertion_line: 234
expression: value
---
{
  "schema_version": 1,
  "data": {
    "run_id": "[RUN_ID]",
    "kind": "spinoff",
    "lifecycle": "autonomous",
    "status": "pending",
    "title": "seed-run",
    "created_at": "[TS]",
    "source_repo": null,
    "source_branch": null,
    "worktree_path": "/tmp/seed-wt",
    "harness": "pi",
    "node_count": 1,
    "supervisor": {
      "pid": null,
      "state": "not-recorded",
      "alive": false
    },
    "stalled": false,
    "stillborn": false,
    "attention_required": false,
    "awaiting_input": false,
    "open_discussion_count": 0,
    "telemetry_available": true,
    "telemetry_counts": {
      "absent": 1,
      "current": 0,
      "stale": 0,
      "clock_unreliable": 0,
      "invalid": 0
    },
    "manifest": {
      "schema_version": 1,
      "run_id": "[RUN_ID]",
      "kind": "spinoff",
      "lifecycle": "autonomous",
      "title": "seed-run",
      "status": "pending",
      "created_at": "[TS]",
      "updated_at": "[TS]",
      "source_repo": null,
      "source_branch": null,
      "worktree_root": null,
      "harness": "pi",
      "selection": {
        "schema_version": 1,
        "profile": "builtin",
        "selection_source": "builtin-harness",
        "interaction": "autonomous",
        "capability": "capable",
        "residency": "local",
        "requested_harness": "pi",
        "selected": {
          "candidate_index": 0,
          "harness": "pi",
          "command": [
            "pi"
          ],
          "telemetry": "worker-v1"
        },
        "fallback": []
      },
      "node_count": 1,
      "parent_run_id": null,
      "parent_node_id": null
    },
    "counts": {
      "nodes": 1
    },
    "telemetry": [
      {
        "node_id": "n-0001",
        "requirement": "required",
        "support": "configured",
        "sample": "absent"
      }
    ],
    "landed": false,
    "landed_method": "unverified",
    "report": null,
    "preserved_work": []
  },
  "warnings": []
}
